SQL> host pwd

SQL> CREATE TABLE trial (
  2  tnum int,
  3  str char(10)
  4  );
CREATE TABLE trial (
             *
ERROR at line 1:
ORA-00955: name is already used by an existing object 


SQL> INSERT INTO trial VALUES (1, 'A test');

1 row created.

SQL> COMMIT
  2  
SQL> INSERT INTO trial VALUES (2, 'Hello');

1 row created.

SQL> INSERT INTO trial VALUES (3, 'World');

1 row created.

SQL> SELECT * FROM trial
  2  
SQL> commit
  2  COMMIT
  3  
SQL> SELECT * FROM trial
  2  1
  3  1
  4  
SQL> 
SQL> 
SQL> 
SQL> 
SQL> DROP TABLE trial;

Table dropped.

SQL> CREATE TABLE trial (
  2  tnum int,
  3  str char(10)
  4  );

Table created.

SQL> INSERT INTO trial VALUES (1, 'A test');

1 row created.

SQL> INSERT INTO trial VALUES (2, 'Hello');

1 row created.

SQL> INSERT INTO trial VALUES (3, 'world');

1 row created.

SQL> SELECT * FROM trial;

      TNUM STR                                                                  
---------- ----------                                                           
         1 A test                                                               
         2 Hello                                                                
         3 world                                                                

SQL> SELECT tnum FROM trial;

      TNUM                                                                      
----------                                                                      
         1                                                                      
         2                                                                      
         3                                                                      

SQL> INSERT INTO trial VALUES (1, 'A test');

1 row created.

SQL> SELECT * FROM trial;

      TNUM STR                                                                  
---------- ----------                                                           
         1 A test                                                               
         2 Hello                                                                
         3 world                                                                
         1 A test                                                               

SQL> CREATE TABLE test (
  2  tnum int,
  3  str char(10),
  4  PRIMARY KEY(tnum)
  5  );

Table created.

SQL> INSERT INTO test VALUES (1, 'A test');

1 row created.

SQL> INSERT INTO test VALUES (1, 'A test');
INSERT INTO test VALUES (1, 'A test')
*
ERROR at line 1:
ORA-00001: unique constraint (JTSUCHIYAMA.SYS_C00961136) violated 


SQL> SELECT TABLE_NAME
  2  FROM USER_TABLES;

TABLE_NAME                                                                      
------------------------------                                                  
TRIAL                                                                           
TEST                                                                            

SQL> DROP TABLE trial;

Table dropped.

SQL> SELECT TABLE_NAME
  2  FROM USER_TABLES;

TABLE_NAME                                                                      
------------------------------                                                  
TEST                                                                            

SQL> dir
SP2-0042: unknown command "dir" - rest of line ignored.
SQL> host ls

SQL> host ls

SQL> start data.sql

1 row created.


1 row created.


1 row created.


1 row created.

SQL> COMMIT;

Commit complete.

SQL> spool off
